// Jest Snapshot v1, https://goo.gl/fbAQLP

exports[`Cloud Functions Update dao by id  should fail if no id is provided 1`] = `
Object {
  "error": "You must provide a daoId (current value is \\"undefined\\") (7d5a61eb-a41d-47f9-b546-10840c0f3a02)",
  "errorCode": "GenericError",
  "errorId": "7d5a61eb-a41d-47f9-b546-10840c0f3a02",
  "errorMessage": "Something bad happened",
  "request": Object {
    "body": Object {},
    "headers": Object {
      "accept-encoding": "gzip, deflate",
      "connection": "close",
      "host": "127.0.0.1:62103",
      "user-agent": "node-superagent/3.8.3",
    },
    "query": Object {},
  },
}
`;
