// Jest Snapshot v1, https://goo.gl/fbAQLP

exports[`Card creation process Card creation validation should fail if no body is provided whatsoever 1`] = `
Array [
  Object {
    "field": "billingDetails.name",
    "message": "You must provide your fist and last name",
  },
  Object {
    "field": "billingDetails.name",
    "message": "billingDetails.name is a required field",
  },
  Object {
    "field": "billingDetails.city",
    "message": "billingDetails.city is a required field",
  },
  Object {
    "field": "billingDetails.country",
    "message": "billingDetails.country is a required field",
  },
  Object {
    "field": "billingDetails.line1",
    "message": "billingDetails.line1 is a required field",
  },
  Object {
    "field": "billingDetails.postalCode",
    "message": "billingDetails.postalCode is a required field",
  },
  Object {
    "field": "keyId",
    "message": "keyId is a required field",
  },
  Object {
    "field": "encryptedData",
    "message": "encryptedData is a required field",
  },
  Object {
    "field": "expMonth",
    "message": "expMonth is a required field",
  },
  Object {
    "field": "expYear",
    "message": "expYear is a required field",
  },
]
`;

exports[`Card creation process Card creation validation should fail if the card expiry date is in the past  1`] = `
Array [
  Object {
    "field": "expYear",
    "message": "expYear must be greater than or equal to 2021",
    "value": 2020,
  },
]
`;

exports[`Card creation process Card creation validation should fail if the encryption key ID was not provided 1`] = `
Array [
  Object {
    "field": "keyId",
    "message": "keyId is a required field",
  },
]
`;
